[backblue.gif]
[fade.gif]
[index.html]
[conference.iium.edu.my/icom/index.php/feed/index.html]
[conference.iium.edu.my/icom/index.php/comments/feed/index.html]
[conference.iium.edu.my/icom/index.php/wp-json/index.html]
[conference.iium.edu.my/icom/index.php/wp-json/wp/v2/pages/30.json]
[conference.iium.edu.my/icom/xmlrpc0db0.php]
[conference.iium.edu.my/icom/index.php/wp-json/oembed/1.0/embed3bfd.json]
[conference.iium.edu.my/icom/index.php/wp-json/oembed/1.0/embedf77b]
[conference.iium.edu.my/icom/wp-content/uploads/2021/11/icom.png]
[conference.iium.edu.my/icom/wp-content/themes/astra/assets/js/minified/frontend.min5b31.js]
[conference.iium.edu.my/icom/index.html]
[conference.iium.edu.my/icom/wp-content/themes/astra/assets/css/minified/main.min5b31.css]
[conference.iium.edu.my/icom/wp-includes/css/dist/block-library/style.min9b30.css]
[conference.iium.edu.my/icom/wp-content/plugins/elementor/assets/lib/eicons/fonts/eicons.e9506.delayed]
[conference.iium.edu.my/icom/wp-content/plugins/elementor/assets/lib/eicons/fonts/eicons9506.woff]
[conference.iium.edu.my/icom/wp-content/plugins/elementor/assets/lib/eicons/fonts/eicons9506.ttf]
[conference.iium.edu.my/icom/wp-content/plugins/elementor/assets/lib/eicons/css/elementor-icons.min192d.css]
[conference.iium.edu.my/icom/wp-content/plugins/elementor/assets/css/frontend-lite.min8420.css]
[conference.iium.edu.my/icom/wp-content/plugins/elementor/assets/lib/swiper/css/swiper.min48f5.css]
[conference.iium.edu.my/icom/wp-content/uploads/elementor/css/post-2025f67.css]
[conference.iium.edu.my/icom/wp-content/uploads/elementor/css/global5f67.css]
[conference.iium.edu.my/icom/index.php/wp-json/wp/v2/pages/36.json]
[conference.iium.edu.my/icom/index.php/wp-json/oembed/1.0/embede883.json]
[conference.iium.edu.my/icom/index.php/wp-json/oembed/1.0/embed8948]
[conference.iium.edu.my/icom/index.php/committees/index.html]
[conference.iium.edu.my/icom/index.php/wp-json/wp/v2/pages/46.json]
[conference.iium.edu.my/icom/index.php/wp-json/oembed/1.0/embed65a1.json]
[conference.iium.edu.my/icom/index.php/wp-json/oembed/1.0/embeda51a]
[conference.iium.edu.my/icom/index.php/working-committees/index.html]
[conference.iium.edu.my/icom/index.php/wp-json/wp/v2/pages/38.json]
[conference.iium.edu.my/icom/index.php/wp-json/oembed/1.0/embed4998.json]
[conference.iium.edu.my/icom/index.php/wp-json/oembed/1.0/embed5202]
[conference.iium.edu.my/icom/index.php/international-advisory-board/index.html]
[conference.iium.edu.my/icom/index.php/wp-json/wp/v2/pages/278.json]
[conference.iium.edu.my/icom/index.php/wp-json/oembed/1.0/embed8d2b.json]
[conference.iium.edu.my/icom/index.php/wp-json/oembed/1.0/embedf1b7]
[conference.iium.edu.my/icom/index.php/guideline-for-authors/index.html]
[conference.iium.edu.my/icom/index.php/wp-json/wp/v2/pages/37.json]
[conference.iium.edu.my/icom/index.php/wp-json/oembed/1.0/embedae5e.json]
[conference.iium.edu.my/icom/index.php/wp-json/oembed/1.0/embed1364]
[conference.iium.edu.my/icom/wp-content/uploads/2022/03/Paper-Template_icom22.docx]
[conference.iium.edu.my/icom/index.php/manuscript-preparation-submission/index.html]
[conference.iium.edu.my/icom/index.php/wp-json/wp/v2/pages/265.json]
[conference.iium.edu.my/icom/index.php/wp-json/oembed/1.0/embedb92e.json]
[conference.iium.edu.my/icom/index.php/wp-json/oembed/1.0/embed3e0f]
[conference.iium.edu.my/icom/index.php/registration-payment/index.html]
[conference.iium.edu.my/icom/index.php/wp-json/wp/v2/pages/407.json]
[conference.iium.edu.my/icom/index.php/wp-json/oembed/1.0/embed30b0.json]
[conference.iium.edu.my/icom/index.php/wp-json/oembed/1.0/embedfeda]
[conference.iium.edu.my/icom/wp-content/uploads/2022/08/IEC-Program-Book-2022-1.pdf]
[conference.iium.edu.my/icom/wp-content/uploads/2022/08/ICOM-2022-BACKDROP-4.png]
[conference.iium.edu.my/icom/wp-content/plugins/elementor/assets/js/webpack.runtime.min8420.js]
[conference.iium.edu.my/icom/wp-includes/js/jquery/jquery.min3088.js]
[conference.iium.edu.my/icom/wp-includes/js/jquery/jquery-migrate.min5589.js]
[conference.iium.edu.my/icom/wp-content/plugins/elementor/assets/js/frontend-modules.min8420.js]
[conference.iium.edu.my/icom/wp-content/plugins/elementor/assets/lib/waypoints/waypoints.min05da.js]
[conference.iium.edu.my/icom/wp-includes/js/jquery/ui/core.min3f14.js]
[conference.iium.edu.my/icom/wp-content/plugins/elementor/assets/js/frontend.min8420.js]
[conference.iium.edu.my/icom/index.php/programme-schedule/index.html]
[conference.iium.edu.my/icom/index.php/wp-json/wp/v2/pages/358.json]
[conference.iium.edu.my/icom/index.php/wp-json/oembed/1.0/embed496b.json]
[conference.iium.edu.my/icom/index.php/wp-json/oembed/1.0/embedcdd3]
[conference.iium.edu.my/icom/index.php/list-of-abstracts/index.html]
[conference.iium.edu.my/icom/index.php/wp-json/wp/v2/pages/481.json]
[conference.iium.edu.my/icom/index.php/wp-json/oembed/1.0/embedce5e.json]
[conference.iium.edu.my/icom/index.php/wp-json/oembed/1.0/embedd4bf]
[conference.iium.edu.my/icom/index.php/book-of-abstract/index.html]
[conference.iium.edu.my/icom/index.php/wp-json/wp/v2/pages/139.json]
[conference.iium.edu.my/icom/index.php/wp-json/oembed/1.0/embed8f9f.json]
[conference.iium.edu.my/icom/index.php/wp-json/oembed/1.0/embed4e98]
[conference.iium.edu.my/icom/wp-content/uploads/2022/01/Osman_Tokhi_red-removebg-preview-1.png]
[conference.iium.edu.my/icom/wp-content/uploads/2022/01/DrSaatShukri-8bf423fe-removebg-preview.png]
[conference.iium.edu.my/icom/wp-content/uploads/2022/08/Assoc-Prof-Dr-Zul-scaled-removebg-preview-edited.png]
[conference.iium.edu.my/icom/wp-content/uploads/2022/05/rini-1.jpg]
[conference.iium.edu.my/icom/wp-content/uploads/2022/08/mohammad-obeid-1-1-removebg-preview.png]
[conference.iium.edu.my/icom/index.php/keynote-speakers/index.html]
[conference.iium.edu.my/icom/index.php/wp-json/wp/v2/pages/7.json]
[conference.iium.edu.my/icom/index.php/wp-json/oembed/1.0/embed995c.json]
[conference.iium.edu.my/icom/index.php/wp-json/oembed/1.0/embed37e9]
[conference.iium.edu.my/icom/index.php/contact/index.html]
[conference.iium.edu.my/icom/index.php/wp-json/wp/v2/pages/223.json]
[conference.iium.edu.my/icom/index.php/wp-json/oembed/1.0/embeddeee.json]
[conference.iium.edu.my/icom/index.php/wp-json/oembed/1.0/embedf6a6]
[conference.iium.edu.my/icom/index.php/submit-paper/index.html]
[conference.iium.edu.my/icom/wp-content/plugins/elementor/assets/lib/eicons/fonts/eicons9506.html]
[conference.iium.edu.my/icom/wp-content/plugins/elementor/assets/lib/eicons/fonts/eicons9506.svg]
[conference.iium.edu.my/icom/index0d0b.html]
[conference.iium.edu.my/icom/index7ea6.html]
[conference.iium.edu.my/icom/indexb93f.html]
[conference.iium.edu.my/icom/index1641.html]
[conference.iium.edu.my/icom/index4837.html]
[conference.iium.edu.my/icom/indexc61d.html]
[conference.iium.edu.my/icom/wp-content/uploads/elementor/css/post-4070d24.css]
[conference.iium.edu.my/icom/indexffa6.html]
[conference.iium.edu.my/icom/indexf5a4.html]
[conference.iium.edu.my/icom/indexf705.html]
[conference.iium.edu.my/icom/indexb4d2.html]
[conference.iium.edu.my/icom/indexc4f7.html]
[conference.iium.edu.my/icom/indexd027.html]
